## clientlist
clid=c-visible client_unique_identifier= client_nickname=member cid=2
error id=0 msg=ok
## channellist
cid=2 pid=0 channel_name=visible\schild channel_type=0 total_clients=1
error id=0 msg=ok
## channelinfo cid=2
cid=2 pid=0 channel_name=visible\schild channel_topic=safe\stopic channel_type=0 channel_maxclients=0 total_clients=1 opus_bitrate=0 opus_fec=0 opus_dtx=0 opus_stereo=0 slow_mode_seconds=0
error id=0 msg=ok
